listening on *:3000
 [*] Witing for messages in amq.gen-JKFY6lmhnvYhdtVh1z81Fw.  To exit press CTRL+C
a user connected
